
> mcp-diagnoser@3.0.0 test
> jest

